python : Traceback (most recent call last):
At line:1 char:70
+ ... $env:Path"; python agent-builder-platform\test_all_agents_production. ...
+                 ~~~~~~~~~~~~~~~~~~~~~~~~~~~~~~~~~~~~~~~~~~~~~~~~~~~~~~~~~
    + CategoryInfo          : NotSpecified: (Traceback (most recent call last)::String) [], RemoteException
    + FullyQualifiedErrorId : NativeCommandError
 
  File "C:\Users\levib\Projects\Hackathon-Preview\agent-builder-platform\test_all_agents_production.py", line 
21, in <module>
    from agents.architecture_advisor import ArchitectureAdvisorAgent
ImportError: cannot import name 'ArchitectureAdvisorAgent' from 'agents.architecture_advisor' 
(C:\Users\levib\Projects\Hackathon-Preview\agent-builder-platform\agents\architecture_advisor.py). Did you 
mean: 'ArchitectureAdvisor'?
